﻿[36mvite v8.0.9 [32mbuilding client environment for production...[36m[39m
[2K
transforming...Ô£ô 2142 modules transformed.
node.exe : [31mÔ£ù[39m Build failed in 3.55s
At line:1 char:1
+ & "C:\Program Files\nodejs/node.exe" "C:\Program Files\nodejs/node_mo ...
+ ~~~~~~~~~~~~~~~~~~~~~~~~~~~~~~~~~~~~~~~~~~~~~~~~~~~~~~~~~~~~~~~~~~~~~
    + CategoryInfo          : NotSpecified: ([31mÔ£ù[39m Build failed in 3.55s:String) [], RemoteException
    + FullyQualifiedErrorId : NativeCommandError
 
[31merror during build:
[31mBuild failed with 1 error:

[plugin vite:css] C:/Users/barto/io-atelier.com/02_AI and RnD - 
Documents/001_AI/003_Halo_IO/002_MVP_WebApp/webapp/src/index.css:20:4
CssSyntaxError: [postcss] C:\Users\barto\io-atelier.com\02_AI and RnD - 
Documents\001_AI\003_Halo_IO\002_MVP_WebApp\webapp\src\styles\base.css:20:5: The `transition-fast` class does not 
exist. If `transition-fast` is a custom class, make sure it is defined within a `@layer` directive.
    at Input.error (C:\Users\barto\io-atelier.com\02_AI and RnD - 
Documents\001_AI\003_Halo_IO\002_MVP_WebApp\webapp\node_modules\postcss\lib\input.js:135:16)
    at AtRule.error (C:\Users\barto\io-atelier.com\02_AI and RnD - 
Documents\001_AI\003_Halo_IO\002_MVP_WebApp\webapp\node_modules\postcss\lib\node.js:146:32)
    at processApply (C:\Users\barto\io-atelier.com\02_AI and RnD - 
Documents\001_AI\003_Halo_IO\002_MVP_WebApp\webapp\node_modules\tailwindcss\lib\lib\expandApplyAtRules.js:380:29)
    at C:\Users\barto\io-atelier.com\02_AI and RnD - 
Documents\001_AI\003_Halo_IO\002_MVP_WebApp\webapp\node_modules\tailwindcss\lib\lib\expandApplyAtRules.js:551:9
    at C:\Users\barto\io-atelier.com\02_AI and RnD - 
Documents\001_AI\003_Halo_IO\002_MVP_WebApp\webapp\node_modules\tailwindcss\lib\processTailwindFeatures.js:55:50
    at async plugins (C:\Users\barto\io-atelier.com\02_AI and RnD - 
Documents\001_AI\003_Halo_IO\002_MVP_WebApp\webapp\node_modules\tailwindcss\lib\plugin.js:38:17)
    at async LazyResult.runAsync (C:\Users\barto\io-atelier.com\02_AI and RnD - 
Documents\001_AI\003_Halo_IO\002_MVP_WebApp\webapp\node_modules\postcss\lib\lazy-result.js:293:11)
    at async runPostCSS (file:///C:/Users/barto/io-atelier.com/02_AI%20and%20RnD%20-%20Documents/001_AI/003_Halo_IO/002
_MVP_WebApp/webapp/node_modules/vite/dist/node/chunks/node.js:21024:19)
    at async compilePostCSS (file:///C:/Users/barto/io-atelier.com/02_AI%20and%20RnD%20-%20Documents/001_AI/003_Halo_IO
/002_MVP_WebApp/webapp/node_modules/vite/dist/node/chunks/node.js:21008:6)
    at async compileCSS (file:///C:/Users/barto/io-atelier.com/02_AI%20and%20RnD%20-%20Documents/001_AI/003_Halo_IO/002
_MVP_WebApp/webapp/node_modules/vite/dist/node/chunks/node.js:20938:26)[31m
    at aggregateBindingErrorsIntoJsError (file:///C:/Users/barto/io-atelier.com/02_AI%20and%20RnD%20-%20Documents/001_A
I/003_Halo_IO/002_MVP_WebApp/webapp/node_modules/rolldown/dist/shared/error-DAA7ncC5.mjs:48:18)
    at unwrapBindingResult (file:///C:/Users/barto/io-atelier.com/02_AI%20and%20RnD%20-%20Documents/001_AI/003_Halo_IO/
002_MVP_WebApp/webapp/node_modules/rolldown/dist/shared/error-DAA7ncC5.mjs:18:128)
    at #build (file:///C:/Users/barto/io-atelier.com/02_AI%20and%20RnD%20-%20Documents/001_AI/003_Halo_IO/002_MVP_WebAp
p/webapp/node_modules/rolldown/dist/shared/rolldown-build-BPKCFYpX.mjs:3317:34)
    at async buildEnvironment (file:///C:/Users/barto/io-atelier.com/02_AI%20and%20RnD%20-%20Documents/001_AI/003_Halo_
IO/002_MVP_WebApp/webapp/node_modules/vite/dist/node/chunks/node.js:32999:64)
    at async Object.build (file:///C:/Users/barto/io-atelier.com/02_AI%20and%20RnD%20-%20Documents/001_AI/003_Halo_IO/0
02_MVP_WebApp/webapp/node_modules/vite/dist/node/chunks/node.js:33421:19)
    at async Object.buildApp (file:///C:/Users/barto/io-atelier.com/02_AI%20and%20RnD%20-%20Documents/001_AI/003_Halo_I
O/002_MVP_WebApp/webapp/node_modules/vite/dist/node/chunks/node.js:33418:153)
    at async CAC.<anonymous> (file:///C:/Users/barto/io-atelier.com/02_AI%20and%20RnD%20-%20Documents/001_AI/003_Halo_I
O/002_MVP_WebApp/webapp/node_modules/vite/dist/node/cli.js:778:3) {
  errors: [Getter/Setter]
}[39m
